// Jest Snapshot v1, https://goo.gl/fbAQLP

exports[`Button renders properly 1`] = `
<div
  className="container "
>
  <button
    className=" button"
    onClick={[Function]}
    type="button"
  >
    Back
  </button>
</div>
`;
