// Jest Snapshot v1, https://goo.gl/fbAQLP

exports[`NotificationProvider renders properly 1`] = `
<div>
  My App
</div>
`;
