// Jest Snapshot v1, https://goo.gl/fbAQLP

exports[`ErrorMessage renders properly 1`] = `
<div
  className="theme-base"
>
  <div
    className="textContainer active"
  >
    <span
      className="errorMessage"
    >
      Testing error message
    </span>
  </div>
</div>
`;
