// Jest Snapshot v1, https://goo.gl/fbAQLP

exports[`Video renders properly 1`] = `
<div
  className="theme-purple"
>
  <div
    className=""
  >
    <div
      className="react-plyr"
      data-plyr-provider="youtube"
    />
  </div>
</div>
`;
