// Jest Snapshot v1, https://goo.gl/fbAQLP

exports[`Modal renders properly 1`] = `null`;
